[2026-09-17 00:18:41] ============================================================
[2026-09-17 00:18:41] 开始执行 CoinGlass 涨幅榜监控任务 (云端版)
[2026-09-17 00:18:43] 正在访问 CoinGlass 涨跌榜页面...
[2026-09-17 00:18:52] 成功获取涨幅榜 Top10
[2026-09-17 00:18:52] 文本报告已保存
[2026-09-17 00:18:52] HTML报告已保存
[2026-09-17 00:18:52] 数据已保存
[2026-09-17 00:18:52] 监控任务执行完成
[2026-09-17 03:47:05] ============================================================
[2026-09-17 03:47:05] 开始执行 CoinGlass 涨幅榜监控任务 (云端版)
[2026-09-17 03:47:05] 正在访问 CoinGlass 涨跌榜页面...
[2026-09-17 03:47:15] 成功获取涨幅榜 Top10
[2026-09-17 03:47:15] 文本报告已保存
[2026-09-17 03:47:15] HTML报告已保存
[2026-09-17 03:47:15] 数据已保存
[2026-09-17 03:47:15] 监控任务执行完成
[2026-09-17 06:25:38] ============================================================
[2026-09-17 06:25:38] 开始执行 CoinGlass 涨幅榜监控任务 (云端版)
[2026-09-17 06:25:39] 正在访问 CoinGlass 涨跌榜页面...
[2026-09-17 06:25:48] 成功获取涨幅榜 Top10
[2026-09-17 06:25:48] 文本报告已保存
[2026-09-17 06:25:48] HTML报告已保存
[2026-09-17 06:25:48] 数据已保存
[2026-09-17 06:25:48] 监控任务执行完成
[2026-09-17 07:27:36] ============================================================
[2026-09-17 07:27:36] 开始执行 CoinGlass 涨幅榜监控任务 (云端版)
[2026-09-17 07:27:37] 正在访问 CoinGlass 涨跌榜页面...
[2026-09-17 07:27:46] 成功获取涨幅榜 Top10
[2026-09-17 07:27:46] 文本报告已保存
[2026-09-17 07:27:46] HTML报告已保存
[2026-09-17 07:27:46] 数据已保存
[2026-09-17 07:27:46] 监控任务执行完成
[2026-09-17 08:56:14] ============================================================
[2026-09-17 08:56:14] 开始执行 CoinGlass 涨幅榜监控任务 (云端版)
[2026-09-17 08:56:16] 正在访问 CoinGlass 涨跌榜页面...
[2026-09-17 08:56:25] 成功获取涨幅榜 Top10
[2026-09-17 08:56:25] 文本报告已保存
[2026-09-17 08:56:25] HTML报告已保存
[2026-09-17 08:56:25] 数据已保存
[2026-09-17 08:56:25] 监控任务执行完成
[2026-09-17 09:33:54] ============================================================
[2026-09-17 09:33:54] 开始执行 CoinGlass 涨幅榜监控任务 (云端版)
[2026-09-17 09:33:54] 正在访问 CoinGlass 涨跌榜页面...
[2026-09-17 09:34:03] 成功获取涨幅榜 Top10
[2026-09-17 09:34:03] 币安端点 https://fapi.binance.com/fapi/v1/exchangeInfo 访问失败: HTTPError: HTTP Error 451: 
[2026-09-17 09:34:03] 币安端点 https://fapi.com/fapi/v1/exchangeInfo 访问失败: HTTPError: HTTP Error 404: Not Found
[2026-09-17 09:34:03] 获取币安永续合约列表失败，本次不过滤: HTTPError: HTTP Error 404: Not Found
[2026-09-17 09:34:03] 文本报告已保存
[2026-09-17 09:34:03] HTML报告已保存
[2026-09-17 09:34:03] 数据已保存
[2026-09-17 09:34:03] 监控任务执行完成
[2026-09-17 09:48:19] ============================================================
[2026-09-17 09:48:19] 开始执行 CoinGlass 涨幅榜监控任务 (云端版)
[2026-09-17 09:48:20] 正在访问 CoinGlass 涨跌榜页面...
[2026-09-17 09:48:27] [调试] 行1 交易所图标=[] 含币安=False HTML长度=866
[2026-09-17 09:48:27] [调试] 行2 交易所图标=['bingx'] 含币安=False HTML长度=865
[2026-09-17 09:48:27] [调试] 行3 交易所图标=[] 含币安=False HTML长度=866
[2026-09-17 09:48:27] [调试] 行4 交易所图标=[] 含币安=False HTML长度=874
[2026-09-17 09:48:27] [调试] 行5 交易所图标=[] 含币安=False HTML长度=869
[2026-09-17 09:48:29] 涨幅榜候选30个，其中币安永续合约0个
[2026-09-17 09:48:29] 过滤掉非币安品种: BR, KNOTS, SYN, ZCAT, ONE, BULLA, DELTA, HOOKR, STONK, FOLD, LSK, 4STOCK, ROBINCAT, MARSCOIN, CATE, ZEC, DGAI, CASHCAT, AGI, HMM, CYBERLEEK, IOST, SKYAI1, SHROOM, SKYAI, DASH, EMBER, SOCK, RAYSOL, RAY
[2026-09-17 09:48:29] 最终涨幅榜 Top0（仅币安永续合约）
[2026-09-17 09:48:29] 警告：当前涨幅榜无币安永续合约品种上榜，生成本次空报告
[2026-09-17 09:48:29] HTML报告已保存（空榜单）
[2026-09-17 09:48:29] 数据已保存
[2026-09-17 09:48:29] 监控任务执行完成（空榜单）
[2026-09-17 09:52:49] ============================================================
[2026-09-17 09:52:49] 开始执行 CoinGlass 涨幅榜监控任务 (云端版)
[2026-09-17 09:52:50] 正在访问 CoinGlass 涨跌榜页面...
[2026-09-17 09:52:57] 横向滚动表格: scrolled 2 containers, maxWidth=641
[2026-09-17 09:52:59] [调试] 行1 交易所图标=[] 含币安=False HTML长度=866
[2026-09-17 09:52:59] [调试] 行2 交易所图标=['bingx'] 含币安=False HTML长度=865
[2026-09-17 09:53:00] [调试] 行3 交易所图标=[] 含币安=False HTML长度=866
[2026-09-17 09:53:00] [调试] 行4 交易所图标=[] 含币安=False HTML长度=875
[2026-09-17 09:53:00] [调试] 行5 交易所图标=[] 含币安=False HTML长度=869
[2026-09-17 09:53:01] 涨幅榜候选30个，其中币安永续合约0个
[2026-09-17 09:53:01] 过滤掉非币安品种: BR, KNOTS, SYN, ZCAT, ONE, BULLA, DELTA, HOOKR, STONK, FOLD, LSK, 4STOCK, ROBINCAT, CATE, ZEC, MARSCOIN, CASHCAT, DGAI, HMM, AGI, CYBERLEEK, IOST, SHROOM, SKYAI1, SKYAI, EMBER, DASH, HNT, AVA, VVV
[2026-09-17 09:53:01] 最终涨幅榜 Top0（仅币安永续合约）
[2026-09-17 09:53:01] 警告：当前涨幅榜无币安永续合约品种上榜，生成本次空报告
[2026-09-17 09:53:01] HTML报告已保存（空榜单）
[2026-09-17 09:53:01] 数据已保存
[2026-09-17 09:53:01] 监控任务执行完成（空榜单）
